bash: hvigor/hvigorw: No such file or directory
